
> eduorbit@0.0.0 build
> tsc -b && vite build

[36mvite v7.2.4 [32mbuilding client environment for production...[36m[39m
transforming...
[32mΓ£ô[39m 3 modules transformed.
node.exe : 
[31mΓ£ù[39m Build 
failed in 183ms
At line:1 char:1
+ & "C:\Program Files
\nodejs/node.exe" 
"C:\Program 
Files\nodejs/node_mo 
...
+ ~~~~~~~~~~~~~~~~~~~
~~~~~~~~~~~~~~~~~~~~~
~~~~~~~~~~~~~~~~~~~~~
~~~~~~~~
    + CategoryInfo   
           : NotSpe  
  cified: ([31mΓ£   
 ù[39m Build fai    
led in 183ms:Str    
ing) [], RemoteE    
xception
    + FullyQualified 
   ErrorId : Native  
  CommandError
 
[31merror during 
build:
[31m[vite:css] 
[postcss] It looks 
like you're trying 
to use `tailwindcss` 
directly as a 
PostCSS plugin. The 
PostCSS plugin has 
moved to a separate 
package, so to 
continue using 
Tailwind CSS with 
PostCSS you'll need 
to install `@tailwind
css/postcss` and 
update your PostCSS 
configuration.[31m
file: [36mC:/PROJECT
S/EDUORBIT/src/index.
css:undefined:NaN[31
m
    at at (C:\PROJECT
S\EDUORBIT\node_modul
es\tailwindcss\dist\l
ib.js:38:1629)
    at 
LazyResult.runOnRoot 
(C:\PROJECTS\EDUORBIT
\node_modules\postcss
\lib\lazy-result.js:3
61:16)
    at 
LazyResult.runAsync (
C:\PROJECTS\EDUORBIT\
node_modules\postcss\
lib\lazy-result.js:29
0:26)
    at 
LazyResult.async (C:\
PROJECTS\EDUORBIT\nod
e_modules\postcss\lib
\lazy-result.js:192:3
0)
    at 
LazyResult.then (C:\P
ROJECTS\EDUORBIT\node
_modules\postcss\lib\
lazy-result.js:436:17
)[39m
